﻿  Determinando los proyectos que se van a restaurar...
  Todos los proyectos est├ín actualizados para la restauraci├│n.
  Perlax.Modules.Production.Domain -> C:\Users\Desarrollo3\Desktop\perla\Perlax\backend\src\Modules\Production\Perlax.Modules.Production.Domain\bin\Debug\net9.0\Perlax.Modules.Production.Domain.dll
  Perlax.Modules.Users.Domain -> C:\Users\Desarrollo3\Desktop\perla\Perlax\backend\src\Modules\Users\Perlax.Modules.Users.Domain\bin\Debug\net9.0\Perlax.Modules.Users.Domain.dll
  Perlax.Modules.Production.Application -> C:\Users\Desarrollo3\Desktop\perla\Perlax\backend\src\Modules\Production\Perlax.Modules.Production.Application\bin\Debug\net9.0\Perlax.Modules.Production.Application.dll
  Perlax.Modules.Users.Application -> C:\Users\Desarrollo3\Desktop\perla\Perlax\backend\src\Modules\Users\Perlax.Modules.Users.Application\bin\Debug\net9.0\Perlax.Modules.Users.Application.dll
  Perlax.Modules.Production.Infrastructure -> C:\Users\Desarrollo3\Desktop\perla\Perlax\backend\src\Modules\Production\Perlax.Modules.Production.Infrastructure\bin\Debug\net9.0\Perlax.Modules.Production.Infrastructure.dll
  Perlax.Modules.Audit.Domain -> C:\Users\Desarrollo3\Desktop\perla\Perlax\backend\src\Modules\Audit\Perlax.Modules.Audit.Domain\bin\Debug\net9.0\Perlax.Modules.Audit.Domain.dll
  Perlax.Modules.Audit.Application -> C:\Users\Desarrollo3\Desktop\perla\Perlax\backend\src\Modules\Audit\Perlax.Modules.Audit.Application\bin\Debug\net9.0\Perlax.Modules.Audit.Application.dll
  Perlax.Modules.Production.Api -> C:\Users\Desarrollo3\Desktop\perla\Perlax\backend\src\Modules\Production\Perlax.Modules.Production.Api\bin\Debug\net9.0\Perlax.Modules.Production.Api.dll
  Perlax.Modules.Users.Infrastructure -> C:\Users\Desarrollo3\Desktop\perla\Perlax\backend\src\Modules\Users\Perlax.Modules.Users.Infrastructure\bin\Debug\net9.0\Perlax.Modules.Users.Infrastructure.dll
  Perlax.Modules.Audit.Infrastructure -> C:\Users\Desarrollo3\Desktop\perla\Perlax\backend\src\Modules\Audit\Perlax.Modules.Audit.Infrastructure\bin\Debug\net9.0\Perlax.Modules.Audit.Infrastructure.dll
  Perlax.Modules.Users.Api -> C:\Users\Desarrollo3\Desktop\perla\Perlax\backend\src\Modules\Users\Perlax.Modules.Users.Api\bin\Debug\net9.0\Perlax.Modules.Users.Api.dll
  Perlax.Modules.Audit.Api -> C:\Users\Desarrollo3\Desktop\perla\Perlax\backend\src\Modules\Audit\Perlax.Modules.Audit.Api\bin\Debug\net9.0\Perlax.Modules.Audit.Api.dll
C:\Program Files\dotnet\sdk\9.0.308\Microsoft.Common.CurrentVersion.targets(5093,5): warning MSB3026: No se pudo copiar "C:\Users\Desarrollo3\Desktop\perla\Perlax\backend\src\Modules\Audit\Perlax.Modules.Audit.Api\bin\Debug\net9.0\Perlax.Modules.Audit.Api.dll" en "bin\Debug\net9.0\Perlax.Modules.Audit.Api.dll". Se iniciar├í el reintento 1 dentro de 1000ms. The process cannot access the file 'C:\Users\Desarrollo3\Desktop\perla\Perlax\backend\src\Host\Perlax.Web\bin\Debug\net9.0\Perlax.Modules.Audit.Api.dll' because it is being used by another process. El archivo se ha bloqueado por: "Perlax.Web (78228)" [C:\Users\Desarrollo3\Desktop\perla\Perlax\backend\src\Host\Perlax.Web\Perlax.Web.csproj]
C:\Program Files\dotnet\sdk\9.0.308\Microsoft.Common.CurrentVersion.targets(5093,5): warning MSB3026: No se pudo copiar "C:\Users\Desarrollo3\Desktop\perla\Perlax\backend\src\Modules\Audit\Perlax.Modules.Audit.Infrastructure\bin\Debug\net9.0\Perlax.Modules.Audit.Infrastructure.dll" en "bin\Debug\net9.0\Perlax.Modules.Audit.Infrastructure.dll". Se iniciar├í el reintento 1 dentro de 1000ms. The process cannot access the file 'C:\Users\Desarrollo3\Desktop\perla\Perlax\backend\src\Host\Perlax.Web\bin\Debug\net9.0\Perlax.Modules.Audit.Infrastructure.dll' because it is being used by another process. El archivo se ha bloqueado por: "Perlax.Web (78228)" [C:\Users\Desarrollo3\Desktop\perla\Perlax\backend\src\Host\Perlax.Web\Perlax.Web.csproj]
C:\Program Files\dotnet\sdk\9.0.308\Microsoft.Common.CurrentVersion.targets(5093,5): warning MSB3026: No se pudo copiar "C:\Users\Desarrollo3\Desktop\perla\Perlax\backend\src\Modules\Audit\Perlax.Modules.Audit.Api\bin\Debug\net9.0\Perlax.Modules.Audit.Api.dll" en "bin\Debug\net9.0\Perlax.Modules.Audit.Api.dll". Se iniciar├í el reintento 2 dentro de 1000ms. The process cannot access the file 'C:\Users\Desarrollo3\Desktop\perla\Perlax\backend\src\Host\Perlax.Web\bin\Debug\net9.0\Perlax.Modules.Audit.Api.dll' because it is being used by another process. El archivo se ha bloqueado por: "Perlax.Web (78228)" [C:\Users\Desarrollo3\Desktop\perla\Perlax\backend\src\Host\Perlax.Web\Perlax.Web.csproj]
C:\Program Files\dotnet\sdk\9.0.308\Microsoft.Common.CurrentVersion.targets(5093,5): warning MSB3026: No se pudo copiar "C:\Users\Desarrollo3\Desktop\perla\Perlax\backend\src\Modules\Audit\Perlax.Modules.Audit.Infrastructure\bin\Debug\net9.0\Perlax.Modules.Audit.Infrastructure.dll" en "bin\Debug\net9.0\Perlax.Modules.Audit.Infrastructure.dll". Se iniciar├í el reintento 2 dentro de 1000ms. The process cannot access the file 'C:\Users\Desarrollo3\Desktop\perla\Perlax\backend\src\Host\Perlax.Web\bin\Debug\net9.0\Perlax.Modules.Audit.Infrastructure.dll' because it is being used by another process. El archivo se ha bloqueado por: "Perlax.Web (78228)" [C:\Users\Desarrollo3\Desktop\perla\Perlax\backend\src\Host\Perlax.Web\Perlax.Web.csproj]
C:\Program Files\dotnet\sdk\9.0.308\Microsoft.Common.CurrentVersion.targets(5093,5): warning MSB3026: No se pudo copiar "C:\Users\Desarrollo3\Desktop\perla\Perlax\backend\src\Modules\Audit\Perlax.Modules.Audit.Api\bin\Debug\net9.0\Perlax.Modules.Audit.Api.dll" en "bin\Debug\net9.0\Perlax.Modules.Audit.Api.dll". Se iniciar├í el reintento 3 dentro de 1000ms. The process cannot access the file 'C:\Users\Desarrollo3\Desktop\perla\Perlax\backend\src\Host\Perlax.Web\bin\Debug\net9.0\Perlax.Modules.Audit.Api.dll' because it is being used by another process. El archivo se ha bloqueado por: "Perlax.Web (78228)" [C:\Users\Desarrollo3\Desktop\perla\Perlax\backend\src\Host\Perlax.Web\Perlax.Web.csproj]
C:\Program Files\dotnet\sdk\9.0.308\Microsoft.Common.CurrentVersion.targets(5093,5): warning MSB3026: No se pudo copiar "C:\Users\Desarrollo3\Desktop\perla\Perlax\backend\src\Modules\Audit\Perlax.Modules.Audit.Infrastructure\bin\Debug\net9.0\Perlax.Modules.Audit.Infrastructure.dll" en "bin\Debug\net9.0\Perlax.Modules.Audit.Infrastructure.dll". Se iniciar├í el reintento 3 dentro de 1000ms. The process cannot access the file 'C:\Users\Desarrollo3\Desktop\perla\Perlax\backend\src\Host\Perlax.Web\bin\Debug\net9.0\Perlax.Modules.Audit.Infrastructure.dll' because it is being used by another process. El archivo se ha bloqueado por: "Perlax.Web (78228)" [C:\Users\Desarrollo3\Desktop\perla\Perlax\backend\src\Host\Perlax.Web\Perlax.Web.csproj]
C:\Program Files\dotnet\sdk\9.0.308\Microsoft.Common.CurrentVersion.targets(5093,5): warning MSB3026: No se pudo copiar "C:\Users\Desarrollo3\Desktop\perla\Perlax\backend\src\Modules\Audit\Perlax.Modules.Audit.Api\bin\Debug\net9.0\Perlax.Modules.Audit.Api.dll" en "bin\Debug\net9.0\Perlax.Modules.Audit.Api.dll". Se iniciar├í el reintento 4 dentro de 1000ms. The process cannot access the file 'C:\Users\Desarrollo3\Desktop\perla\Perlax\backend\src\Host\Perlax.Web\bin\Debug\net9.0\Perlax.Modules.Audit.Api.dll' because it is being used by another process. El archivo se ha bloqueado por: "Perlax.Web (78228)" [C:\Users\Desarrollo3\Desktop\perla\Perlax\backend\src\Host\Perlax.Web\Perlax.Web.csproj]
C:\Program Files\dotnet\sdk\9.0.308\Microsoft.Common.CurrentVersion.targets(5093,5): warning MSB3026: No se pudo copiar "C:\Users\Desarrollo3\Desktop\perla\Perlax\backend\src\Modules\Audit\Perlax.Modules.Audit.Infrastructure\bin\Debug\net9.0\Perlax.Modules.Audit.Infrastructure.dll" en "bin\Debug\net9.0\Perlax.Modules.Audit.Infrastructure.dll". Se iniciar├í el reintento 4 dentro de 1000ms. The process cannot access the file 'C:\Users\Desarrollo3\Desktop\perla\Perlax\backend\src\Host\Perlax.Web\bin\Debug\net9.0\Perlax.Modules.Audit.Infrastructure.dll' because it is being used by another process. El archivo se ha bloqueado por: "Perlax.Web (78228)" [C:\Users\Desarrollo3\Desktop\perla\Perlax\backend\src\Host\Perlax.Web\Perlax.Web.csproj]
C:\Program Files\dotnet\sdk\9.0.308\Microsoft.Common.CurrentVersion.targets(5093,5): warning MSB3026: No se pudo copiar "C:\Users\Desarrollo3\Desktop\perla\Perlax\backend\src\Modules\Audit\Perlax.Modules.Audit.Api\bin\Debug\net9.0\Perlax.Modules.Audit.Api.dll" en "bin\Debug\net9.0\Perlax.Modules.Audit.Api.dll". Se iniciar├í el reintento 5 dentro de 1000ms. The process cannot access the file 'C:\Users\Desarrollo3\Desktop\perla\Perlax\backend\src\Host\Perlax.Web\bin\Debug\net9.0\Perlax.Modules.Audit.Api.dll' because it is being used by another process. El archivo se ha bloqueado por: "Perlax.Web (78228)" [C:\Users\Desarrollo3\Desktop\perla\Perlax\backend\src\Host\Perlax.Web\Perlax.Web.csproj]
C:\Program Files\dotnet\sdk\9.0.308\Microsoft.Common.CurrentVersion.targets(5093,5): warning MSB3026: No se pudo copiar "C:\Users\Desarrollo3\Desktop\perla\Perlax\backend\src\Modules\Audit\Perlax.Modules.Audit.Infrastructure\bin\Debug\net9.0\Perlax.Modules.Audit.Infrastructure.dll" en "bin\Debug\net9.0\Perlax.Modules.Audit.Infrastructure.dll". Se iniciar├í el reintento 5 dentro de 1000ms. The process cannot access the file 'C:\Users\Desarrollo3\Desktop\perla\Perlax\backend\src\Host\Perlax.Web\bin\Debug\net9.0\Perlax.Modules.Audit.Infrastructure.dll' because it is being used by another process. El archivo se ha bloqueado por: "Perlax.Web (78228)" [C:\Users\Desarrollo3\Desktop\perla\Perlax\backend\src\Host\Perlax.Web\Perlax.Web.csproj]
C:\Program Files\dotnet\sdk\9.0.308\Microsoft.Common.CurrentVersion.targets(5093,5): warning MSB3026: No se pudo copiar "C:\Users\Desarrollo3\Desktop\perla\Perlax\backend\src\Modules\Audit\Perlax.Modules.Audit.Api\bin\Debug\net9.0\Perlax.Modules.Audit.Api.dll" en "bin\Debug\net9.0\Perlax.Modules.Audit.Api.dll". Se iniciar├í el reintento 6 dentro de 1000ms. The process cannot access the file 'C:\Users\Desarrollo3\Desktop\perla\Perlax\backend\src\Host\Perlax.Web\bin\Debug\net9.0\Perlax.Modules.Audit.Api.dll' because it is being used by another process. El archivo se ha bloqueado por: "Perlax.Web (78228)" [C:\Users\Desarrollo3\Desktop\perla\Perlax\backend\src\Host\Perlax.Web\Perlax.Web.csproj]
C:\Program Files\dotnet\sdk\9.0.308\Microsoft.Common.CurrentVersion.targets(5093,5): warning MSB3026: No se pudo copiar "C:\Users\Desarrollo3\Desktop\perla\Perlax\backend\src\Modules\Audit\Perlax.Modules.Audit.Infrastructure\bin\Debug\net9.0\Perlax.Modules.Audit.Infrastructure.dll" en "bin\Debug\net9.0\Perlax.Modules.Audit.Infrastructure.dll". Se iniciar├í el reintento 6 dentro de 1000ms. The process cannot access the file 'C:\Users\Desarrollo3\Desktop\perla\Perlax\backend\src\Host\Perlax.Web\bin\Debug\net9.0\Perlax.Modules.Audit.Infrastructure.dll' because it is being used by another process. El archivo se ha bloqueado por: "Perlax.Web (78228)" [C:\Users\Desarrollo3\Desktop\perla\Perlax\backend\src\Host\Perlax.Web\Perlax.Web.csproj]
C:\Program Files\dotnet\sdk\9.0.308\Microsoft.Common.CurrentVersion.targets(5093,5): warning MSB3026: No se pudo copiar "C:\Users\Desarrollo3\Desktop\perla\Perlax\backend\src\Modules\Audit\Perlax.Modules.Audit.Api\bin\Debug\net9.0\Perlax.Modules.Audit.Api.dll" en "bin\Debug\net9.0\Perlax.Modules.Audit.Api.dll". Se iniciar├í el reintento 7 dentro de 1000ms. The process cannot access the file 'C:\Users\Desarrollo3\Desktop\perla\Perlax\backend\src\Host\Perlax.Web\bin\Debug\net9.0\Perlax.Modules.Audit.Api.dll' because it is being used by another process. El archivo se ha bloqueado por: "Perlax.Web (78228)" [C:\Users\Desarrollo3\Desktop\perla\Perlax\backend\src\Host\Perlax.Web\Perlax.Web.csproj]
C:\Program Files\dotnet\sdk\9.0.308\Microsoft.Common.CurrentVersion.targets(5093,5): warning MSB3026: No se pudo copiar "C:\Users\Desarrollo3\Desktop\perla\Perlax\backend\src\Modules\Audit\Perlax.Modules.Audit.Infrastructure\bin\Debug\net9.0\Perlax.Modules.Audit.Infrastructure.dll" en "bin\Debug\net9.0\Perlax.Modules.Audit.Infrastructure.dll". Se iniciar├í el reintento 7 dentro de 1000ms. The process cannot access the file 'C:\Users\Desarrollo3\Desktop\perla\Perlax\backend\src\Host\Perlax.Web\bin\Debug\net9.0\Perlax.Modules.Audit.Infrastructure.dll' because it is being used by another process. El archivo se ha bloqueado por: "Perlax.Web (78228)" [C:\Users\Desarrollo3\Desktop\perla\Perlax\backend\src\Host\Perlax.Web\Perlax.Web.csproj]
C:\Program Files\dotnet\sdk\9.0.308\Microsoft.Common.CurrentVersion.targets(5093,5): warning MSB3026: No se pudo copiar "C:\Users\Desarrollo3\Desktop\perla\Perlax\backend\src\Modules\Audit\Perlax.Modules.Audit.Api\bin\Debug\net9.0\Perlax.Modules.Audit.Api.dll" en "bin\Debug\net9.0\Perlax.Modules.Audit.Api.dll". Se iniciar├í el reintento 8 dentro de 1000ms. The process cannot access the file 'C:\Users\Desarrollo3\Desktop\perla\Perlax\backend\src\Host\Perlax.Web\bin\Debug\net9.0\Perlax.Modules.Audit.Api.dll' because it is being used by another process. El archivo se ha bloqueado por: "Perlax.Web (78228)" [C:\Users\Desarrollo3\Desktop\perla\Perlax\backend\src\Host\Perlax.Web\Perlax.Web.csproj]
C:\Program Files\dotnet\sdk\9.0.308\Microsoft.Common.CurrentVersion.targets(5093,5): warning MSB3026: No se pudo copiar "C:\Users\Desarrollo3\Desktop\perla\Perlax\backend\src\Modules\Audit\Perlax.Modules.Audit.Infrastructure\bin\Debug\net9.0\Perlax.Modules.Audit.Infrastructure.dll" en "bin\Debug\net9.0\Perlax.Modules.Audit.Infrastructure.dll". Se iniciar├í el reintento 8 dentro de 1000ms. The process cannot access the file 'C:\Users\Desarrollo3\Desktop\perla\Perlax\backend\src\Host\Perlax.Web\bin\Debug\net9.0\Perlax.Modules.Audit.Infrastructure.dll' because it is being used by another process. El archivo se ha bloqueado por: "Perlax.Web (78228)" [C:\Users\Desarrollo3\Desktop\perla\Perlax\backend\src\Host\Perlax.Web\Perlax.Web.csproj]
C:\Program Files\dotnet\sdk\9.0.308\Microsoft.Common.CurrentVersion.targets(5093,5): warning MSB3026: No se pudo copiar "C:\Users\Desarrollo3\Desktop\perla\Perlax\backend\src\Modules\Audit\Perlax.Modules.Audit.Api\bin\Debug\net9.0\Perlax.Modules.Audit.Api.dll" en "bin\Debug\net9.0\Perlax.Modules.Audit.Api.dll". Se iniciar├í el reintento 9 dentro de 1000ms. The process cannot access the file 'C:\Users\Desarrollo3\Desktop\perla\Perlax\backend\src\Host\Perlax.Web\bin\Debug\net9.0\Perlax.Modules.Audit.Api.dll' because it is being used by another process. El archivo se ha bloqueado por: "Perlax.Web (78228)" [C:\Users\Desarrollo3\Desktop\perla\Perlax\backend\src\Host\Perlax.Web\Perlax.Web.csproj]
C:\Program Files\dotnet\sdk\9.0.308\Microsoft.Common.CurrentVersion.targets(5093,5): warning MSB3026: No se pudo copiar "C:\Users\Desarrollo3\Desktop\perla\Perlax\backend\src\Modules\Audit\Perlax.Modules.Audit.Infrastructure\bin\Debug\net9.0\Perlax.Modules.Audit.Infrastructure.dll" en "bin\Debug\net9.0\Perlax.Modules.Audit.Infrastructure.dll". Se iniciar├í el reintento 9 dentro de 1000ms. The process cannot access the file 'C:\Users\Desarrollo3\Desktop\perla\Perlax\backend\src\Host\Perlax.Web\bin\Debug\net9.0\Perlax.Modules.Audit.Infrastructure.dll' because it is being used by another process. El archivo se ha bloqueado por: "Perlax.Web (78228)" [C:\Users\Desarrollo3\Desktop\perla\Perlax\backend\src\Host\Perlax.Web\Perlax.Web.csproj]
C:\Program Files\dotnet\sdk\9.0.308\Microsoft.Common.CurrentVersion.targets(5093,5): warning MSB3026: No se pudo copiar "C:\Users\Desarrollo3\Desktop\perla\Perlax\backend\src\Modules\Audit\Perlax.Modules.Audit.Api\bin\Debug\net9.0\Perlax.Modules.Audit.Api.dll" en "bin\Debug\net9.0\Perlax.Modules.Audit.Api.dll". Se iniciar├í el reintento 10 dentro de 1000ms. The process cannot access the file 'C:\Users\Desarrollo3\Desktop\perla\Perlax\backend\src\Host\Perlax.Web\bin\Debug\net9.0\Perlax.Modules.Audit.Api.dll' because it is being used by another process. El archivo se ha bloqueado por: "Perlax.Web (78228)" [C:\Users\Desarrollo3\Desktop\perla\Perlax\backend\src\Host\Perlax.Web\Perlax.Web.csproj]
C:\Program Files\dotnet\sdk\9.0.308\Microsoft.Common.CurrentVersion.targets(5093,5): warning MSB3026: No se pudo copiar "C:\Users\Desarrollo3\Desktop\perla\Perlax\backend\src\Modules\Audit\Perlax.Modules.Audit.Infrastructure\bin\Debug\net9.0\Perlax.Modules.Audit.Infrastructure.dll" en "bin\Debug\net9.0\Perlax.Modules.Audit.Infrastructure.dll". Se iniciar├í el reintento 10 dentro de 1000ms. The process cannot access the file 'C:\Users\Desarrollo3\Desktop\perla\Perlax\backend\src\Host\Perlax.Web\bin\Debug\net9.0\Perlax.Modules.Audit.Infrastructure.dll' because it is being used by another process. El archivo se ha bloqueado por: "Perlax.Web (78228)" [C:\Users\Desarrollo3\Desktop\perla\Perlax\backend\src\Host\Perlax.Web\Perlax.Web.csproj]
C:\Program Files\dotnet\sdk\9.0.308\Microsoft.Common.CurrentVersion.targets(5093,5): error MSB3027: No se pudo copiar "C:\Users\Desarrollo3\Desktop\perla\Perlax\backend\src\Modules\Audit\Perlax.Modules.Audit.Api\bin\Debug\net9.0\Perlax.Modules.Audit.Api.dll" en "bin\Debug\net9.0\Perlax.Modules.Audit.Api.dll". Se super├│ el n├║mero de 10 reintentos. Error. El archivo se ha bloqueado por: "Perlax.Web (78228)" [C:\Users\Desarrollo3\Desktop\perla\Perlax\backend\src\Host\Perlax.Web\Perlax.Web.csproj]
C:\Program Files\dotnet\sdk\9.0.308\Microsoft.Common.CurrentVersion.targets(5093,5): error MSB3021: No se puede copiar "C:\Users\Desarrollo3\Desktop\perla\Perlax\backend\src\Modules\Audit\Perlax.Modules.Audit.Api\bin\Debug\net9.0\Perlax.Modules.Audit.Api.dll" en "bin\Debug\net9.0\Perlax.Modules.Audit.Api.dll". The process cannot access the file 'C:\Users\Desarrollo3\Desktop\perla\Perlax\backend\src\Host\Perlax.Web\bin\Debug\net9.0\Perlax.Modules.Audit.Api.dll' because it is being used by another process. [C:\Users\Desarrollo3\Desktop\perla\Perlax\backend\src\Host\Perlax.Web\Perlax.Web.csproj]
C:\Program Files\dotnet\sdk\9.0.308\Microsoft.Common.CurrentVersion.targets(5093,5): error MSB3027: No se pudo copiar "C:\Users\Desarrollo3\Desktop\perla\Perlax\backend\src\Modules\Audit\Perlax.Modules.Audit.Infrastructure\bin\Debug\net9.0\Perlax.Modules.Audit.Infrastructure.dll" en "bin\Debug\net9.0\Perlax.Modules.Audit.Infrastructure.dll". Se super├│ el n├║mero de 10 reintentos. Error. El archivo se ha bloqueado por: "Perlax.Web (78228)" [C:\Users\Desarrollo3\Desktop\perla\Perlax\backend\src\Host\Perlax.Web\Perlax.Web.csproj]
C:\Program Files\dotnet\sdk\9.0.308\Microsoft.Common.CurrentVersion.targets(5093,5): error MSB3021: No se puede copiar "C:\Users\Desarrollo3\Desktop\perla\Perlax\backend\src\Modules\Audit\Perlax.Modules.Audit.Infrastructure\bin\Debug\net9.0\Perlax.Modules.Audit.Infrastructure.dll" en "bin\Debug\net9.0\Perlax.Modules.Audit.Infrastructure.dll". The process cannot access the file 'C:\Users\Desarrollo3\Desktop\perla\Perlax\backend\src\Host\Perlax.Web\bin\Debug\net9.0\Perlax.Modules.Audit.Infrastructure.dll' because it is being used by another process. [C:\Users\Desarrollo3\Desktop\perla\Perlax\backend\src\Host\Perlax.Web\Perlax.Web.csproj]

ERROR al compilar.

C:\Program Files\dotnet\sdk\9.0.308\Microsoft.Common.CurrentVersion.targets(5093,5): warning MSB3026: No se pudo copiar "C:\Users\Desarrollo3\Desktop\perla\Perlax\backend\src\Modules\Audit\Perlax.Modules.Audit.Api\bin\Debug\net9.0\Perlax.Modules.Audit.Api.dll" en "bin\Debug\net9.0\Perlax.Modules.Audit.Api.dll". Se iniciar├í el reintento 1 dentro de 1000ms. The process cannot access the file 'C:\Users\Desarrollo3\Desktop\perla\Perlax\backend\src\Host\Perlax.Web\bin\Debug\net9.0\Perlax.Modules.Audit.Api.dll' because it is being used by another process. El archivo se ha bloqueado por: "Perlax.Web (78228)" [C:\Users\Desarrollo3\Desktop\perla\Perlax\backend\src\Host\Perlax.Web\Perlax.Web.csproj]
C:\Program Files\dotnet\sdk\9.0.308\Microsoft.Common.CurrentVersion.targets(5093,5): warning MSB3026: No se pudo copiar "C:\Users\Desarrollo3\Desktop\perla\Perlax\backend\src\Modules\Audit\Perlax.Modules.Audit.Infrastructure\bin\Debug\net9.0\Perlax.Modules.Audit.Infrastructure.dll" en "bin\Debug\net9.0\Perlax.Modules.Audit.Infrastructure.dll". Se iniciar├í el reintento 1 dentro de 1000ms. The process cannot access the file 'C:\Users\Desarrollo3\Desktop\perla\Perlax\backend\src\Host\Perlax.Web\bin\Debug\net9.0\Perlax.Modules.Audit.Infrastructure.dll' because it is being used by another process. El archivo se ha bloqueado por: "Perlax.Web (78228)" [C:\Users\Desarrollo3\Desktop\perla\Perlax\backend\src\Host\Perlax.Web\Perlax.Web.csproj]
C:\Program Files\dotnet\sdk\9.0.308\Microsoft.Common.CurrentVersion.targets(5093,5): warning MSB3026: No se pudo copiar "C:\Users\Desarrollo3\Desktop\perla\Perlax\backend\src\Modules\Audit\Perlax.Modules.Audit.Api\bin\Debug\net9.0\Perlax.Modules.Audit.Api.dll" en "bin\Debug\net9.0\Perlax.Modules.Audit.Api.dll". Se iniciar├í el reintento 2 dentro de 1000ms. The process cannot access the file 'C:\Users\Desarrollo3\Desktop\perla\Perlax\backend\src\Host\Perlax.Web\bin\Debug\net9.0\Perlax.Modules.Audit.Api.dll' because it is being used by another process. El archivo se ha bloqueado por: "Perlax.Web (78228)" [C:\Users\Desarrollo3\Desktop\perla\Perlax\backend\src\Host\Perlax.Web\Perlax.Web.csproj]
C:\Program Files\dotnet\sdk\9.0.308\Microsoft.Common.CurrentVersion.targets(5093,5): warning MSB3026: No se pudo copiar "C:\Users\Desarrollo3\Desktop\perla\Perlax\backend\src\Modules\Audit\Perlax.Modules.Audit.Infrastructure\bin\Debug\net9.0\Perlax.Modules.Audit.Infrastructure.dll" en "bin\Debug\net9.0\Perlax.Modules.Audit.Infrastructure.dll". Se iniciar├í el reintento 2 dentro de 1000ms. The process cannot access the file 'C:\Users\Desarrollo3\Desktop\perla\Perlax\backend\src\Host\Perlax.Web\bin\Debug\net9.0\Perlax.Modules.Audit.Infrastructure.dll' because it is being used by another process. El archivo se ha bloqueado por: "Perlax.Web (78228)" [C:\Users\Desarrollo3\Desktop\perla\Perlax\backend\src\Host\Perlax.Web\Perlax.Web.csproj]
C:\Program Files\dotnet\sdk\9.0.308\Microsoft.Common.CurrentVersion.targets(5093,5): warning MSB3026: No se pudo copiar "C:\Users\Desarrollo3\Desktop\perla\Perlax\backend\src\Modules\Audit\Perlax.Modules.Audit.Api\bin\Debug\net9.0\Perlax.Modules.Audit.Api.dll" en "bin\Debug\net9.0\Perlax.Modules.Audit.Api.dll". Se iniciar├í el reintento 3 dentro de 1000ms. The process cannot access the file 'C:\Users\Desarrollo3\Desktop\perla\Perlax\backend\src\Host\Perlax.Web\bin\Debug\net9.0\Perlax.Modules.Audit.Api.dll' because it is being used by another process. El archivo se ha bloqueado por: "Perlax.Web (78228)" [C:\Users\Desarrollo3\Desktop\perla\Perlax\backend\src\Host\Perlax.Web\Perlax.Web.csproj]
C:\Program Files\dotnet\sdk\9.0.308\Microsoft.Common.CurrentVersion.targets(5093,5): warning MSB3026: No se pudo copiar "C:\Users\Desarrollo3\Desktop\perla\Perlax\backend\src\Modules\Audit\Perlax.Modules.Audit.Infrastructure\bin\Debug\net9.0\Perlax.Modules.Audit.Infrastructure.dll" en "bin\Debug\net9.0\Perlax.Modules.Audit.Infrastructure.dll". Se iniciar├í el reintento 3 dentro de 1000ms. The process cannot access the file 'C:\Users\Desarrollo3\Desktop\perla\Perlax\backend\src\Host\Perlax.Web\bin\Debug\net9.0\Perlax.Modules.Audit.Infrastructure.dll' because it is being used by another process. El archivo se ha bloqueado por: "Perlax.Web (78228)" [C:\Users\Desarrollo3\Desktop\perla\Perlax\backend\src\Host\Perlax.Web\Perlax.Web.csproj]
C:\Program Files\dotnet\sdk\9.0.308\Microsoft.Common.CurrentVersion.targets(5093,5): warning MSB3026: No se pudo copiar "C:\Users\Desarrollo3\Desktop\perla\Perlax\backend\src\Modules\Audit\Perlax.Modules.Audit.Api\bin\Debug\net9.0\Perlax.Modules.Audit.Api.dll" en "bin\Debug\net9.0\Perlax.Modules.Audit.Api.dll". Se iniciar├í el reintento 4 dentro de 1000ms. The process cannot access the file 'C:\Users\Desarrollo3\Desktop\perla\Perlax\backend\src\Host\Perlax.Web\bin\Debug\net9.0\Perlax.Modules.Audit.Api.dll' because it is being used by another process. El archivo se ha bloqueado por: "Perlax.Web (78228)" [C:\Users\Desarrollo3\Desktop\perla\Perlax\backend\src\Host\Perlax.Web\Perlax.Web.csproj]
C:\Program Files\dotnet\sdk\9.0.308\Microsoft.Common.CurrentVersion.targets(5093,5): warning MSB3026: No se pudo copiar "C:\Users\Desarrollo3\Desktop\perla\Perlax\backend\src\Modules\Audit\Perlax.Modules.Audit.Infrastructure\bin\Debug\net9.0\Perlax.Modules.Audit.Infrastructure.dll" en "bin\Debug\net9.0\Perlax.Modules.Audit.Infrastructure.dll". Se iniciar├í el reintento 4 dentro de 1000ms. The process cannot access the file 'C:\Users\Desarrollo3\Desktop\perla\Perlax\backend\src\Host\Perlax.Web\bin\Debug\net9.0\Perlax.Modules.Audit.Infrastructure.dll' because it is being used by another process. El archivo se ha bloqueado por: "Perlax.Web (78228)" [C:\Users\Desarrollo3\Desktop\perla\Perlax\backend\src\Host\Perlax.Web\Perlax.Web.csproj]
C:\Program Files\dotnet\sdk\9.0.308\Microsoft.Common.CurrentVersion.targets(5093,5): warning MSB3026: No se pudo copiar "C:\Users\Desarrollo3\Desktop\perla\Perlax\backend\src\Modules\Audit\Perlax.Modules.Audit.Api\bin\Debug\net9.0\Perlax.Modules.Audit.Api.dll" en "bin\Debug\net9.0\Perlax.Modules.Audit.Api.dll". Se iniciar├í el reintento 5 dentro de 1000ms. The process cannot access the file 'C:\Users\Desarrollo3\Desktop\perla\Perlax\backend\src\Host\Perlax.Web\bin\Debug\net9.0\Perlax.Modules.Audit.Api.dll' because it is being used by another process. El archivo se ha bloqueado por: "Perlax.Web (78228)" [C:\Users\Desarrollo3\Desktop\perla\Perlax\backend\src\Host\Perlax.Web\Perlax.Web.csproj]
C:\Program Files\dotnet\sdk\9.0.308\Microsoft.Common.CurrentVersion.targets(5093,5): warning MSB3026: No se pudo copiar "C:\Users\Desarrollo3\Desktop\perla\Perlax\backend\src\Modules\Audit\Perlax.Modules.Audit.Infrastructure\bin\Debug\net9.0\Perlax.Modules.Audit.Infrastructure.dll" en "bin\Debug\net9.0\Perlax.Modules.Audit.Infrastructure.dll". Se iniciar├í el reintento 5 dentro de 1000ms. The process cannot access the file 'C:\Users\Desarrollo3\Desktop\perla\Perlax\backend\src\Host\Perlax.Web\bin\Debug\net9.0\Perlax.Modules.Audit.Infrastructure.dll' because it is being used by another process. El archivo se ha bloqueado por: "Perlax.Web (78228)" [C:\Users\Desarrollo3\Desktop\perla\Perlax\backend\src\Host\Perlax.Web\Perlax.Web.csproj]
C:\Program Files\dotnet\sdk\9.0.308\Microsoft.Common.CurrentVersion.targets(5093,5): warning MSB3026: No se pudo copiar "C:\Users\Desarrollo3\Desktop\perla\Perlax\backend\src\Modules\Audit\Perlax.Modules.Audit.Api\bin\Debug\net9.0\Perlax.Modules.Audit.Api.dll" en "bin\Debug\net9.0\Perlax.Modules.Audit.Api.dll". Se iniciar├í el reintento 6 dentro de 1000ms. The process cannot access the file 'C:\Users\Desarrollo3\Desktop\perla\Perlax\backend\src\Host\Perlax.Web\bin\Debug\net9.0\Perlax.Modules.Audit.Api.dll' because it is being used by another process. El archivo se ha bloqueado por: "Perlax.Web (78228)" [C:\Users\Desarrollo3\Desktop\perla\Perlax\backend\src\Host\Perlax.Web\Perlax.Web.csproj]
C:\Program Files\dotnet\sdk\9.0.308\Microsoft.Common.CurrentVersion.targets(5093,5): warning MSB3026: No se pudo copiar "C:\Users\Desarrollo3\Desktop\perla\Perlax\backend\src\Modules\Audit\Perlax.Modules.Audit.Infrastructure\bin\Debug\net9.0\Perlax.Modules.Audit.Infrastructure.dll" en "bin\Debug\net9.0\Perlax.Modules.Audit.Infrastructure.dll". Se iniciar├í el reintento 6 dentro de 1000ms. The process cannot access the file 'C:\Users\Desarrollo3\Desktop\perla\Perlax\backend\src\Host\Perlax.Web\bin\Debug\net9.0\Perlax.Modules.Audit.Infrastructure.dll' because it is being used by another process. El archivo se ha bloqueado por: "Perlax.Web (78228)" [C:\Users\Desarrollo3\Desktop\perla\Perlax\backend\src\Host\Perlax.Web\Perlax.Web.csproj]
C:\Program Files\dotnet\sdk\9.0.308\Microsoft.Common.CurrentVersion.targets(5093,5): warning MSB3026: No se pudo copiar "C:\Users\Desarrollo3\Desktop\perla\Perlax\backend\src\Modules\Audit\Perlax.Modules.Audit.Api\bin\Debug\net9.0\Perlax.Modules.Audit.Api.dll" en "bin\Debug\net9.0\Perlax.Modules.Audit.Api.dll". Se iniciar├í el reintento 7 dentro de 1000ms. The process cannot access the file 'C:\Users\Desarrollo3\Desktop\perla\Perlax\backend\src\Host\Perlax.Web\bin\Debug\net9.0\Perlax.Modules.Audit.Api.dll' because it is being used by another process. El archivo se ha bloqueado por: "Perlax.Web (78228)" [C:\Users\Desarrollo3\Desktop\perla\Perlax\backend\src\Host\Perlax.Web\Perlax.Web.csproj]
C:\Program Files\dotnet\sdk\9.0.308\Microsoft.Common.CurrentVersion.targets(5093,5): warning MSB3026: No se pudo copiar "C:\Users\Desarrollo3\Desktop\perla\Perlax\backend\src\Modules\Audit\Perlax.Modules.Audit.Infrastructure\bin\Debug\net9.0\Perlax.Modules.Audit.Infrastructure.dll" en "bin\Debug\net9.0\Perlax.Modules.Audit.Infrastructure.dll". Se iniciar├í el reintento 7 dentro de 1000ms. The process cannot access the file 'C:\Users\Desarrollo3\Desktop\perla\Perlax\backend\src\Host\Perlax.Web\bin\Debug\net9.0\Perlax.Modules.Audit.Infrastructure.dll' because it is being used by another process. El archivo se ha bloqueado por: "Perlax.Web (78228)" [C:\Users\Desarrollo3\Desktop\perla\Perlax\backend\src\Host\Perlax.Web\Perlax.Web.csproj]
C:\Program Files\dotnet\sdk\9.0.308\Microsoft.Common.CurrentVersion.targets(5093,5): warning MSB3026: No se pudo copiar "C:\Users\Desarrollo3\Desktop\perla\Perlax\backend\src\Modules\Audit\Perlax.Modules.Audit.Api\bin\Debug\net9.0\Perlax.Modules.Audit.Api.dll" en "bin\Debug\net9.0\Perlax.Modules.Audit.Api.dll". Se iniciar├í el reintento 8 dentro de 1000ms. The process cannot access the file 'C:\Users\Desarrollo3\Desktop\perla\Perlax\backend\src\Host\Perlax.Web\bin\Debug\net9.0\Perlax.Modules.Audit.Api.dll' because it is being used by another process. El archivo se ha bloqueado por: "Perlax.Web (78228)" [C:\Users\Desarrollo3\Desktop\perla\Perlax\backend\src\Host\Perlax.Web\Perlax.Web.csproj]
C:\Program Files\dotnet\sdk\9.0.308\Microsoft.Common.CurrentVersion.targets(5093,5): warning MSB3026: No se pudo copiar "C:\Users\Desarrollo3\Desktop\perla\Perlax\backend\src\Modules\Audit\Perlax.Modules.Audit.Infrastructure\bin\Debug\net9.0\Perlax.Modules.Audit.Infrastructure.dll" en "bin\Debug\net9.0\Perlax.Modules.Audit.Infrastructure.dll". Se iniciar├í el reintento 8 dentro de 1000ms. The process cannot access the file 'C:\Users\Desarrollo3\Desktop\perla\Perlax\backend\src\Host\Perlax.Web\bin\Debug\net9.0\Perlax.Modules.Audit.Infrastructure.dll' because it is being used by another process. El archivo se ha bloqueado por: "Perlax.Web (78228)" [C:\Users\Desarrollo3\Desktop\perla\Perlax\backend\src\Host\Perlax.Web\Perlax.Web.csproj]
C:\Program Files\dotnet\sdk\9.0.308\Microsoft.Common.CurrentVersion.targets(5093,5): warning MSB3026: No se pudo copiar "C:\Users\Desarrollo3\Desktop\perla\Perlax\backend\src\Modules\Audit\Perlax.Modules.Audit.Api\bin\Debug\net9.0\Perlax.Modules.Audit.Api.dll" en "bin\Debug\net9.0\Perlax.Modules.Audit.Api.dll". Se iniciar├í el reintento 9 dentro de 1000ms. The process cannot access the file 'C:\Users\Desarrollo3\Desktop\perla\Perlax\backend\src\Host\Perlax.Web\bin\Debug\net9.0\Perlax.Modules.Audit.Api.dll' because it is being used by another process. El archivo se ha bloqueado por: "Perlax.Web (78228)" [C:\Users\Desarrollo3\Desktop\perla\Perlax\backend\src\Host\Perlax.Web\Perlax.Web.csproj]
C:\Program Files\dotnet\sdk\9.0.308\Microsoft.Common.CurrentVersion.targets(5093,5): warning MSB3026: No se pudo copiar "C:\Users\Desarrollo3\Desktop\perla\Perlax\backend\src\Modules\Audit\Perlax.Modules.Audit.Infrastructure\bin\Debug\net9.0\Perlax.Modules.Audit.Infrastructure.dll" en "bin\Debug\net9.0\Perlax.Modules.Audit.Infrastructure.dll". Se iniciar├í el reintento 9 dentro de 1000ms. The process cannot access the file 'C:\Users\Desarrollo3\Desktop\perla\Perlax\backend\src\Host\Perlax.Web\bin\Debug\net9.0\Perlax.Modules.Audit.Infrastructure.dll' because it is being used by another process. El archivo se ha bloqueado por: "Perlax.Web (78228)" [C:\Users\Desarrollo3\Desktop\perla\Perlax\backend\src\Host\Perlax.Web\Perlax.Web.csproj]
C:\Program Files\dotnet\sdk\9.0.308\Microsoft.Common.CurrentVersion.targets(5093,5): warning MSB3026: No se pudo copiar "C:\Users\Desarrollo3\Desktop\perla\Perlax\backend\src\Modules\Audit\Perlax.Modules.Audit.Api\bin\Debug\net9.0\Perlax.Modules.Audit.Api.dll" en "bin\Debug\net9.0\Perlax.Modules.Audit.Api.dll". Se iniciar├í el reintento 10 dentro de 1000ms. The process cannot access the file 'C:\Users\Desarrollo3\Desktop\perla\Perlax\backend\src\Host\Perlax.Web\bin\Debug\net9.0\Perlax.Modules.Audit.Api.dll' because it is being used by another process. El archivo se ha bloqueado por: "Perlax.Web (78228)" [C:\Users\Desarrollo3\Desktop\perla\Perlax\backend\src\Host\Perlax.Web\Perlax.Web.csproj]
C:\Program Files\dotnet\sdk\9.0.308\Microsoft.Common.CurrentVersion.targets(5093,5): warning MSB3026: No se pudo copiar "C:\Users\Desarrollo3\Desktop\perla\Perlax\backend\src\Modules\Audit\Perlax.Modules.Audit.Infrastructure\bin\Debug\net9.0\Perlax.Modules.Audit.Infrastructure.dll" en "bin\Debug\net9.0\Perlax.Modules.Audit.Infrastructure.dll". Se iniciar├í el reintento 10 dentro de 1000ms. The process cannot access the file 'C:\Users\Desarrollo3\Desktop\perla\Perlax\backend\src\Host\Perlax.Web\bin\Debug\net9.0\Perlax.Modules.Audit.Infrastructure.dll' because it is being used by another process. El archivo se ha bloqueado por: "Perlax.Web (78228)" [C:\Users\Desarrollo3\Desktop\perla\Perlax\backend\src\Host\Perlax.Web\Perlax.Web.csproj]
C:\Program Files\dotnet\sdk\9.0.308\Microsoft.Common.CurrentVersion.targets(5093,5): error MSB3027: No se pudo copiar "C:\Users\Desarrollo3\Desktop\perla\Perlax\backend\src\Modules\Audit\Perlax.Modules.Audit.Api\bin\Debug\net9.0\Perlax.Modules.Audit.Api.dll" en "bin\Debug\net9.0\Perlax.Modules.Audit.Api.dll". Se super├│ el n├║mero de 10 reintentos. Error. El archivo se ha bloqueado por: "Perlax.Web (78228)" [C:\Users\Desarrollo3\Desktop\perla\Perlax\backend\src\Host\Perlax.Web\Perlax.Web.csproj]
C:\Program Files\dotnet\sdk\9.0.308\Microsoft.Common.CurrentVersion.targets(5093,5): error MSB3021: No se puede copiar "C:\Users\Desarrollo3\Desktop\perla\Perlax\backend\src\Modules\Audit\Perlax.Modules.Audit.Api\bin\Debug\net9.0\Perlax.Modules.Audit.Api.dll" en "bin\Debug\net9.0\Perlax.Modules.Audit.Api.dll". The process cannot access the file 'C:\Users\Desarrollo3\Desktop\perla\Perlax\backend\src\Host\Perlax.Web\bin\Debug\net9.0\Perlax.Modules.Audit.Api.dll' because it is being used by another process. [C:\Users\Desarrollo3\Desktop\perla\Perlax\backend\src\Host\Perlax.Web\Perlax.Web.csproj]
C:\Program Files\dotnet\sdk\9.0.308\Microsoft.Common.CurrentVersion.targets(5093,5): error MSB3027: No se pudo copiar "C:\Users\Desarrollo3\Desktop\perla\Perlax\backend\src\Modules\Audit\Perlax.Modules.Audit.Infrastructure\bin\Debug\net9.0\Perlax.Modules.Audit.Infrastructure.dll" en "bin\Debug\net9.0\Perlax.Modules.Audit.Infrastructure.dll". Se super├│ el n├║mero de 10 reintentos. Error. El archivo se ha bloqueado por: "Perlax.Web (78228)" [C:\Users\Desarrollo3\Desktop\perla\Perlax\backend\src\Host\Perlax.Web\Perlax.Web.csproj]
C:\Program Files\dotnet\sdk\9.0.308\Microsoft.Common.CurrentVersion.targets(5093,5): error MSB3021: No se puede copiar "C:\Users\Desarrollo3\Desktop\perla\Perlax\backend\src\Modules\Audit\Perlax.Modules.Audit.Infrastructure\bin\Debug\net9.0\Perlax.Modules.Audit.Infrastructure.dll" en "bin\Debug\net9.0\Perlax.Modules.Audit.Infrastructure.dll". The process cannot access the file 'C:\Users\Desarrollo3\Desktop\perla\Perlax\backend\src\Host\Perlax.Web\bin\Debug\net9.0\Perlax.Modules.Audit.Infrastructure.dll' because it is being used by another process. [C:\Users\Desarrollo3\Desktop\perla\Perlax\backend\src\Host\Perlax.Web\Perlax.Web.csproj]
    20 Advertencia(s)
    4 Errores

Tiempo transcurrido 00:00:18.09
