﻿  Determinando los proyectos que se van a restaurar...
  Todos los proyectos est├ín actualizados para la restauraci├│n.
  Perlax.Shared -> C:\Users\Desarrollo3\Desktop\perla\Perlax\backend\src\Shared\Perlax.Shared\bin\Debug\net9.0\Perlax.Shared.dll
  Perlax.Modules.Production.Domain -> C:\Users\Desarrollo3\Desktop\perla\Perlax\backend\src\Modules\Production\Perlax.Modules.Production.Domain\bin\Debug\net9.0\Perlax.Modules.Production.Domain.dll
  Perlax.Modules.Production.Application -> C:\Users\Desarrollo3\Desktop\perla\Perlax\backend\src\Modules\Production\Perlax.Modules.Production.Application\bin\Debug\net9.0\Perlax.Modules.Production.Application.dll
  Perlax.Modules.Production.Infrastructure -> C:\Users\Desarrollo3\Desktop\perla\Perlax\backend\src\Modules\Production\Perlax.Modules.Production.Infrastructure\bin\Debug\net9.0\Perlax.Modules.Production.Infrastructure.dll
  Perlax.Modules.Production.Api -> C:\Users\Desarrollo3\Desktop\perla\Perlax\backend\src\Modules\Production\Perlax.Modules.Production.Api\bin\Debug\net9.0\Perlax.Modules.Production.Api.dll
  Perlax.Modules.Users.Domain -> C:\Users\Desarrollo3\Desktop\perla\Perlax\backend\src\Modules\Users\Perlax.Modules.Users.Domain\bin\Debug\net9.0\Perlax.Modules.Users.Domain.dll
  Perlax.Modules.Audit.Domain -> C:\Users\Desarrollo3\Desktop\perla\Perlax\backend\src\Modules\Audit\Perlax.Modules.Audit.Domain\bin\Debug\net9.0\Perlax.Modules.Audit.Domain.dll
  Perlax.Modules.Users.Application -> C:\Users\Desarrollo3\Desktop\perla\Perlax\backend\src\Modules\Users\Perlax.Modules.Users.Application\bin\Debug\net9.0\Perlax.Modules.Users.Application.dll
  Perlax.Modules.Audit.Application -> C:\Users\Desarrollo3\Desktop\perla\Perlax\backend\src\Modules\Audit\Perlax.Modules.Audit.Application\bin\Debug\net9.0\Perlax.Modules.Audit.Application.dll
  Perlax.Modules.Users.Infrastructure -> C:\Users\Desarrollo3\Desktop\perla\Perlax\backend\src\Modules\Users\Perlax.Modules.Users.Infrastructure\bin\Debug\net9.0\Perlax.Modules.Users.Infrastructure.dll
  Perlax.Modules.Audit.Infrastructure -> C:\Users\Desarrollo3\Desktop\perla\Perlax\backend\src\Modules\Audit\Perlax.Modules.Audit.Infrastructure\bin\Debug\net9.0\Perlax.Modules.Audit.Infrastructure.dll
  Perlax.Modules.Users.Api -> C:\Users\Desarrollo3\Desktop\perla\Perlax\backend\src\Modules\Users\Perlax.Modules.Users.Api\bin\Debug\net9.0\Perlax.Modules.Users.Api.dll
  Perlax.Modules.Audit.Api -> C:\Users\Desarrollo3\Desktop\perla\Perlax\backend\src\Modules\Audit\Perlax.Modules.Audit.Api\bin\Debug\net9.0\Perlax.Modules.Audit.Api.dll
  Perlax.Web -> C:\Users\Desarrollo3\Desktop\perla\Perlax\backend\src\Host\Perlax.Web\bin\Debug\net9.0\Perlax.Web.dll

Compilaci├│n correcta.
    0 Advertencia(s)
    0 Errores

Tiempo transcurrido 00:00:08.51
